// Jest Snapshot v1, https://goo.gl/fbAQLP

exports[`<ConfirmationPage /> render ConfirmationPage 1`] = `
<div>
  <div
    class="ConfirmationPage Page"
  >
    <div>
      ConfirmationPage
    </div>
  </div>
</div>
`;
