// Jest Snapshot v1, https://goo.gl/fbAQLP

exports[`<HomesPage /> render HomePage 1`] = `
<div>
  <div
    class="Home-Page Page"
  >
    <div>
      <button
        class="Link-Button Events-Link-Button"
      >
        Check out Events &gt;&gt;
      </button>
    </div>
  </div>
</div>
`;
