// Jest Snapshot v1, https://goo.gl/fbAQLP

exports[`<Checkout /> render Checkout 1`] = `
<div>
  <div
    class="Checkout"
  >
    <h2>
      Checkout
    </h2>
  </div>
</div>
`;
