// Jest Snapshot v1, https://goo.gl/fbAQLP

exports[`<LinkButton /> render LinkButton 1`] = `
<div>
  <div>
    <button
      class="Link-Button"
    >
      Test Label
    </button>
  </div>
</div>
`;
